============================= test session starts =============================
platform win32 -- Python 3.14.4, pytest-9.1.1, pluggy-1.6.0
rootdir: C:\Projeler\SpotifyBenzeri
plugins: anyio-4.14.0, asyncio-1.4.0, cov-7.1.0, mock-3.15.1
asyncio: mode=Mode.STRICT, debug=False, asyncio_default_fixture_loop_scope=None, asyncio_default_test_loop_scope=function
collected 82 items

backend\tests\admin\test_event_bus.py ..                                 [  2%]
backend\tests\admin\test_rbac.py ...                                     [  6%]
backend\tests\test_admin_security.py ..                                  [  8%]
backend\tests\test_ai_providers_unit.py .....                            [ 14%]
backend\tests\test_api_contract.py ..                                    [ 17%]
backend\tests\test_auth.py .....                                         [ 23%]
backend\tests\test_chat.py ..                                            [ 25%]
backend\tests\test_core.py ..                                            [ 28%]
backend\tests\test_db_integrity.py ...                                   [ 31%]
backend\tests\test_e2e_flow.py .                                         [ 32%]
backend\tests\test_integration.py ...                                    [ 36%]
backend\tests\test_lyrics.py ....                                        [ 41%]
backend\tests\test_progress.py .                                         [ 42%]
backend\tests\test_pronunciation.py ..                                   [ 45%]
backend\tests\test_pronunciation_extra.py ..                             [ 47%]
backend\tests\test_pronunciation_unit.py ..                              [ 50%]
backend\tests\test_recovery.py ...                                       [ 53%]
backend\tests\test_register_rate_limit.py .                              [ 54%]
backend\tests\test_spotify.py .....                                      [ 60%]
backend\tests\test_spotify_extra.py .......                              [ 69%]
backend\tests\test_spotify_unit.py .....                                 [ 75%]
backend\tests\test_subscriptions.py ..                                   [ 78%]
backend\tests\test_translate.py ..                                       [ 80%]
backend\tests\test_translation_unit.py ....                              [ 85%]
backend\tests\test_word_info.py ...                                      [ 89%]
backend\tests\test_word_info_extra.py ...                                [ 92%]
backend\tests\test_word_panel_unit.py ......                             [100%]

============================== warnings summary ===============================
.venv\Lib\site-packages\fastapi\testclient.py:1
  C:\Projeler\SpotifyBenzeri\.venv\Lib\site-packages\fastapi\testclient.py:1: StarletteDeprecationWarning: Using `httpx` with `starlette.testclient` is deprecated; install `httpx2` instead.
    from starlette.testclient import TestClient as TestClient  # noqa

backend/tests/admin/test_rbac.py::test_admin_ping_forbidden
  C:\Projeler\SpotifyBenzeri\.venv\Lib\site-packages\passlib\handlers\argon2.py:716: DeprecationWarning: Accessing argon2.__version__ is deprecated and will be removed in a future release. Use importlib.metadata directly to query for argon2-cffi's packaging metadata.
    _argon2_cffi.__version__, max_version)

backend/tests/admin/test_rbac.py::test_admin_ping_forbidden
backend/tests/admin/test_rbac.py::test_admin_ping_success
  C:\Projeler\SpotifyBenzeri\.venv\Lib\site-packages\starlette\testclient.py:454: DeprecationWarning: Setting per-request cookies=<...> is being deprecated, because the expected behaviour on cookie persistence is ambiguous. Set cookies directly on the client instance instead.
    return super().request(

-- Docs: https://docs.pytest.org/en/stable/how-to/capture-warnings.html
======================= 82 passed, 4 warnings in 32.01s =======================
